node.exe : PASS src/app
.controller.spec.ts
At line:1 char:1
+ & "C:\Program 
Files\nodejs/node.exe" 
"C:\Program 
Files\nodejs/node_mo 
...
+ ~~~~~~~~~~~~~~~~~~~~~
~~~~~~~~~~~~~~~~~~~~~~~
~~~~~~~~~~~~~~~~~~~~~~~
~~
    + CategoryInfo     
         : NotSpecifi  
  ed: (PASS src/app.   
 controller.spec.ts    
:String) [], Remot    
eException
    + FullyQualifiedEr 
   rorId : NativeComm  
  andError
 
FAIL src/user/user.serv
ice.spec.ts
  โ— Test suite 
failed to run

    Cannot find module 
'.prisma/client/default
' from '../node_modules
/@prisma/client/default
.js'

    Require stack:
      C:/Users/OKOKL/.g
emini/antigravity/scrat
ch/recommendation-servi
ce/node_modules/@prisma
/client/default.js
      prisma/prisma.ser
vice.ts
      data-fetch/data-f
etch.service.ts
      
user/user.service.ts
      user/user.service
.spec.ts

    [0m [90m 1 
|[39m 
[36mimport[39m { [33
mInjectable[39m[33m,
[39m 
[33mOnModuleInit[39m 
} [36mfrom[39m [32m'
@nestjs/common'[39m[3
3m;[39m
    [31m[1m>[22m[39
m[90m 2 |[39m 
[36mimport[39m { 
[33mPrismaClient[39m 
} [36mfrom[39m [32m'
@prisma/client'[39m[3
3m;[39m
     [90m   |[39m 
[31m[1m^[22m[39m
     [90m 3 |[39m
     [90m 4 |[39m [3
3m@[39m[33mInjectable
[39m()
     [90m 5 |[39m 
[36mexport[39m 
[36mclass[39m [33mPr
ismaService[39m 
[36mextends[39m 
[33mPrismaClient[39m 
[36mimplements[39m 
[33mOnModuleInit[39m 
{[0m

      at Resolver._thro
wModNotFoundError (../n
ode_modules/jest-resolv
e/build/resolver.js:427
:11)
      at 
Object.<anonymous> (../
node_modules/@prisma/cl
ient/default.js:2:6)
      at 
Object.<anonymous> (pri
sma/prisma.service.ts:2
:1)
      at 
Object.<anonymous> (dat
a-fetch/data-fetch.serv
ice.ts:2:1)
      at 
Object.<anonymous> (use
r/user.service.ts:3:1)
      at 
Object.<anonymous> (use
r/user.service.spec.ts:
2:1)

Test Suites: 1 failed, 
1 passed, 2 total
Tests:       1 passed, 
1 total
Snapshots:   0 total
Time:        2.5 s
Ran all test suites.
